// Jest Snapshot v1, https://goo.gl/fbAQLP

exports[`gux-modal #render should render large modal snapshot 1`] = `"<gux-modal lang="en" size="large" hydrated=""><template shadowrootmode="open"><dialog aria-labelledby="gux-i"><div class="gux-modal-container gux-large"><gux-dismiss-button hydrated=""></gux-dismiss-button><h1 class="gux-modal-header" id="gux-i"><slot name="title"></slot></h1><div class="gux-modal-content"><p><slot name="content"></slot></p></div><footer><slot name="footer"></slot></footer></div></dialog></template> <div slot="title">Modal Title</div> <div slot="content">This contains the modal content.</div> <gux-cta-group slot="footer" align="end" hydrated=""> <gux-button slot="primary" hydrated="">Primary</gux-button> <gux-button slot="dismiss" hydrated="">Cancel</gux-button> </gux-cta-group> </gux-modal>"`;

exports[`gux-modal #render should render large modal snapshot 2`] = `"<gux-modal lang="en" size="large" hydrated="" hidden="true"><template shadowrootmode="open"><dialog aria-labelledby="gux-i"><div class="gux-modal-container gux-large"><gux-dismiss-button hydrated=""></gux-dismiss-button><h1 class="gux-modal-header" id="gux-i"><slot name="title"></slot></h1><div class="gux-modal-content"><p><slot name="content"></slot></p></div><footer><slot name="footer"></slot></footer></div></dialog></template> <div slot="title">Modal Title</div> <div slot="content">This contains the modal content.</div> <gux-cta-group slot="footer" align="end" hydrated=""> <gux-button slot="primary" hydrated="">Primary</gux-button> <gux-button slot="dismiss" hydrated="">Cancel</gux-button> </gux-cta-group> </gux-modal>"`;

exports[`gux-modal #render should render medium modal snapshot 1`] = `"<gux-modal lang="en" size="medium" hydrated=""><template shadowrootmode="open"><dialog aria-labelledby="gux-i"><div class="gux-modal-container gux-medium"><gux-dismiss-button hydrated=""></gux-dismiss-button><h1 class="gux-modal-header" id="gux-i"><slot name="title"></slot></h1><div class="gux-modal-content"><p><slot name="content"></slot></p></div><footer><slot name="footer"></slot></footer></div></dialog></template> <div slot="title">Modal Title</div> <div slot="content">This contains the modal content.</div> <gux-cta-group slot="footer" align="end" hydrated=""> <gux-button slot="primary" hydrated="">Primary</gux-button> <gux-button slot="dismiss" hydrated="">Cancel</gux-button> </gux-cta-group> </gux-modal>"`;

exports[`gux-modal #render should render medium modal snapshot 2`] = `"<gux-modal lang="en" size="medium" hydrated="" hidden="true"><template shadowrootmode="open"><dialog aria-labelledby="gux-i"><div class="gux-modal-container gux-medium"><gux-dismiss-button hydrated=""></gux-dismiss-button><h1 class="gux-modal-header" id="gux-i"><slot name="title"></slot></h1><div class="gux-modal-content"><p><slot name="content"></slot></p></div><footer><slot name="footer"></slot></footer></div></dialog></template> <div slot="title">Modal Title</div> <div slot="content">This contains the modal content.</div> <gux-cta-group slot="footer" align="end" hydrated=""> <gux-button slot="primary" hydrated="">Primary</gux-button> <gux-button slot="dismiss" hydrated="">Cancel</gux-button> </gux-cta-group> </gux-modal>"`;

exports[`gux-modal #render should render modal with just left align buttons (to be deprecated) snapshot 1`] = `"<gux-modal size="small" hydrated=""><template shadowrootmode="open"><dialog aria-labelledby="gux-i"><div class="gux-modal-container gux-small"><gux-dismiss-button hydrated=""></gux-dismiss-button><h1 class="gux-modal-header" id="gux-i"><slot name="title"></slot></h1><div class="gux-modal-content"><p><slot name="content"></slot></p></div><div class="gux-button-footer"><div class="gux-start-align-buttons"><slot name="start-align-buttons"></slot></div><div class="gux-end-align-buttons"><slot name="end-align-buttons"></slot></div></div></div></dialog></template> <div slot="title">Modal Title</div> <div slot="content">This contains the modal content.</div> <div slot="start-align-buttons"> <gux-button-slot accent="secondary" hydrated=""><button>Cancel</button></gux-button-slot> </div> </gux-modal>"`;

exports[`gux-modal #render should render modal with just left align buttons (to be deprecated) snapshot 2`] = `"<gux-modal size="small" hydrated="" hidden="true"><template shadowrootmode="open"><dialog aria-labelledby="gux-i"><div class="gux-modal-container gux-small"><gux-dismiss-button hydrated=""></gux-dismiss-button><h1 class="gux-modal-header" id="gux-i"><slot name="title"></slot></h1><div class="gux-modal-content"><p><slot name="content"></slot></p></div><div class="gux-button-footer"><div class="gux-start-align-buttons"><slot name="start-align-buttons"></slot></div><div class="gux-end-align-buttons"><slot name="end-align-buttons"></slot></div></div></div></dialog></template> <div slot="title">Modal Title</div> <div slot="content">This contains the modal content.</div> <div slot="start-align-buttons"> <gux-button-slot accent="secondary" hydrated=""><button>Cancel</button></gux-button-slot> </div> </gux-modal>"`;

exports[`gux-modal #render should render modal with just right align buttons (to be deprecated) snapshot 1`] = `"<gux-modal size="small" hydrated=""><template shadowrootmode="open"><dialog aria-labelledby="gux-i"><div class="gux-modal-container gux-small"><gux-dismiss-button hydrated=""></gux-dismiss-button><h1 class="gux-modal-header" id="gux-i"><slot name="title"></slot></h1><div class="gux-modal-content"><p><slot name="content"></slot></p></div><div class="gux-button-footer"><div class="gux-start-align-buttons"><slot name="start-align-buttons"></slot></div><div class="gux-end-align-buttons"><slot name="end-align-buttons"></slot></div></div></div></dialog></template> <div slot="title">Modal Title</div> <div slot="content">This contains the modal content.</div> <div slot="end-align-buttons"> <gux-button-slot accent="primary" hydrated=""><button>Accept</button></gux-button-slot> </div> </gux-modal>"`;

exports[`gux-modal #render should render modal with just right align buttons (to be deprecated) snapshot 2`] = `"<gux-modal size="small" hydrated="" hidden="true"><template shadowrootmode="open"><dialog aria-labelledby="gux-i"><div class="gux-modal-container gux-small"><gux-dismiss-button hydrated=""></gux-dismiss-button><h1 class="gux-modal-header" id="gux-i"><slot name="title"></slot></h1><div class="gux-modal-content"><p><slot name="content"></slot></p></div><div class="gux-button-footer"><div class="gux-start-align-buttons"><slot name="start-align-buttons"></slot></div><div class="gux-end-align-buttons"><slot name="end-align-buttons"></slot></div></div></div></dialog></template> <div slot="title">Modal Title</div> <div slot="content">This contains the modal content.</div> <div slot="end-align-buttons"> <gux-button-slot accent="primary" hydrated=""><button>Accept</button></gux-button-slot> </div> </gux-modal>"`;

exports[`gux-modal #render should render modal with separate button slots (to be deprecated) snapshot 1`] = `"<gux-modal size="small" hydrated=""><template shadowrootmode="open"><dialog aria-labelledby="gux-i"><div class="gux-modal-container gux-small"><gux-dismiss-button hydrated=""></gux-dismiss-button><h1 class="gux-modal-header" id="gux-i"><slot name="title"></slot></h1><div class="gux-modal-content"><p><slot name="content"></slot></p></div><div class="gux-button-footer"><div class="gux-start-align-buttons"><slot name="start-align-buttons"></slot></div><div class="gux-end-align-buttons"><slot name="end-align-buttons"></slot></div></div></div></dialog></template> <div slot="title">Modal Titlezzzzzzz</div> <div slot="content">This contains the modal content.</div> <div slot="start-align-buttons"> <gux-button-slot accent="secondary" hydrated=""><button>Cancel</button></gux-button-slot> </div> <div slot="end-align-buttons"> <gux-button-slot accent="primary" hydrated=""><button>Accept</button></gux-button-slot> </div> </gux-modal>"`;

exports[`gux-modal #render should render modal with separate button slots (to be deprecated) snapshot 2`] = `"<gux-modal size="small" hydrated="" hidden="true"><template shadowrootmode="open"><dialog aria-labelledby="gux-i"><div class="gux-modal-container gux-small"><gux-dismiss-button hydrated=""></gux-dismiss-button><h1 class="gux-modal-header" id="gux-i"><slot name="title"></slot></h1><div class="gux-modal-content"><p><slot name="content"></slot></p></div><div class="gux-button-footer"><div class="gux-start-align-buttons"><slot name="start-align-buttons"></slot></div><div class="gux-end-align-buttons"><slot name="end-align-buttons"></slot></div></div></div></dialog></template> <div slot="title">Modal Titlezzzzzzz</div> <div slot="content">This contains the modal content.</div> <div slot="start-align-buttons"> <gux-button-slot accent="secondary" hydrated=""><button>Cancel</button></gux-button-slot> </div> <div slot="end-align-buttons"> <gux-button-slot accent="primary" hydrated=""><button>Accept</button></gux-button-slot> </div> </gux-modal>"`;

exports[`gux-modal #render should render modal without a title snapshot 1`] = `"<gux-modal lang="en" size="large" hydrated=""><template shadowrootmode="open"><dialog><div class="gux-modal-container gux-large"><gux-dismiss-button hydrated=""></gux-dismiss-button><div class="gux-modal-content"><p><slot name="content"></slot></p></div><footer><slot name="footer"></slot></footer></div></dialog></template> <div slot="content">This contains the modal content.</div> <gux-cta-group slot="footer" align="end" hydrated=""> <gux-button slot="primary" hydrated="">Primary</gux-button> <gux-button slot="dismiss" hydrated="">Cancel</gux-button> </gux-cta-group> </gux-modal>"`;

exports[`gux-modal #render should render modal without a title snapshot 2`] = `"<gux-modal lang="en" size="large" hydrated="" hidden="true"><template shadowrootmode="open"><dialog><div class="gux-modal-container gux-large"><gux-dismiss-button hydrated=""></gux-dismiss-button><div class="gux-modal-content"><p><slot name="content"></slot></p></div><footer><slot name="footer"></slot></footer></div></dialog></template> <div slot="content">This contains the modal content.</div> <gux-cta-group slot="footer" align="end" hydrated=""> <gux-button slot="primary" hydrated="">Primary</gux-button> <gux-button slot="dismiss" hydrated="">Cancel</gux-button> </gux-cta-group> </gux-modal>"`;

exports[`gux-modal #render should render modal without buttons snapshot 1`] = `"<gux-modal lang="en" size="small" hydrated=""><template shadowrootmode="open"><dialog aria-labelledby="gux-i"><div class="gux-modal-container gux-small"><gux-dismiss-button hydrated=""></gux-dismiss-button><h1 class="gux-modal-header" id="gux-i"><slot name="title"></slot></h1><div class="gux-modal-content"><p><slot name="content"></slot></p></div><div class="gux-button-footer gux-no-buttons"><div class="gux-start-align-buttons"><slot name="start-align-buttons"></slot></div><div class="gux-end-align-buttons"><slot name="end-align-buttons"></slot></div></div></div></dialog></template> <div slot="title">Modal Title</div> <div slot="content">This contains the modal content.</div> </gux-modal>"`;

exports[`gux-modal #render should render modal without buttons snapshot 2`] = `"<gux-modal lang="en" size="small" hydrated="" hidden="true"><template shadowrootmode="open"><dialog aria-labelledby="gux-i"><div class="gux-modal-container gux-small"><gux-dismiss-button hydrated=""></gux-dismiss-button><h1 class="gux-modal-header" id="gux-i"><slot name="title"></slot></h1><div class="gux-modal-content"><p><slot name="content"></slot></p></div><div class="gux-button-footer gux-no-buttons"><div class="gux-start-align-buttons"><slot name="start-align-buttons"></slot></div><div class="gux-end-align-buttons"><slot name="end-align-buttons"></slot></div></div></div></dialog></template> <div slot="title">Modal Title</div> <div slot="content">This contains the modal content.</div> </gux-modal>"`;

exports[`gux-modal #render should render small modal by default snapshot 1`] = `"<gux-modal lang="en" hydrated=""><template shadowrootmode="open"><dialog aria-labelledby="gux-i"><div class="gux-modal-container gux-dynamic"><gux-dismiss-button hydrated=""></gux-dismiss-button><h1 class="gux-modal-header" id="gux-i"><slot name="title"></slot></h1><div class="gux-modal-content"><p><slot name="content"></slot></p></div><footer><slot name="footer"></slot></footer></div></dialog></template> <div slot="title">Modal Title</div> <div slot="content">This contains the modal content.</div> <gux-cta-group slot="footer" align="end" hydrated=""> <gux-button slot="primary" hydrated="">Primary</gux-button> <gux-button slot="dismiss" hydrated="">Cancel</gux-button> </gux-cta-group> </gux-modal>"`;

exports[`gux-modal #render should render small modal by default snapshot 2`] = `"<gux-modal lang="en" hydrated="" hidden="true"><template shadowrootmode="open"><dialog aria-labelledby="gux-i"><div class="gux-modal-container gux-dynamic"><gux-dismiss-button hydrated=""></gux-dismiss-button><h1 class="gux-modal-header" id="gux-i"><slot name="title"></slot></h1><div class="gux-modal-content"><p><slot name="content"></slot></p></div><footer><slot name="footer"></slot></footer></div></dialog></template> <div slot="title">Modal Title</div> <div slot="content">This contains the modal content.</div> <gux-cta-group slot="footer" align="end" hydrated=""> <gux-button slot="primary" hydrated="">Primary</gux-button> <gux-button slot="dismiss" hydrated="">Cancel</gux-button> </gux-cta-group> </gux-modal>"`;

exports[`gux-modal #render should render small modal snapshot 1`] = `"<gux-modal lang="en" size="small" hydrated=""><template shadowrootmode="open"><dialog aria-labelledby="gux-i"><div class="gux-modal-container gux-small"><gux-dismiss-button hydrated=""></gux-dismiss-button><h1 class="gux-modal-header" id="gux-i"><slot name="title"></slot></h1><div class="gux-modal-content"><p><slot name="content"></slot></p></div><footer><slot name="footer"></slot></footer></div></dialog></template> <div slot="title">Modal Title</div> <div slot="content">This contains the modal content.</div> <gux-cta-group slot="footer" align="end" hydrated=""> <gux-button slot="primary" hydrated="">Primary</gux-button> <gux-button slot="dismiss" hydrated="">Cancel</gux-button> </gux-cta-group> </gux-modal>"`;

exports[`gux-modal #render should render small modal snapshot 2`] = `"<gux-modal lang="en" size="small" hydrated="" hidden="true"><template shadowrootmode="open"><dialog aria-labelledby="gux-i"><div class="gux-modal-container gux-small"><gux-dismiss-button hydrated=""></gux-dismiss-button><h1 class="gux-modal-header" id="gux-i"><slot name="title"></slot></h1><div class="gux-modal-content"><p><slot name="content"></slot></p></div><footer><slot name="footer"></slot></footer></div></dialog></template> <div slot="title">Modal Title</div> <div slot="content">This contains the modal content.</div> <gux-cta-group slot="footer" align="end" hydrated=""> <gux-button slot="primary" hydrated="">Primary</gux-button> <gux-button slot="dismiss" hydrated="">Cancel</gux-button> </gux-cta-group> </gux-modal>"`;
