// Jest Snapshot v1, https://goo.gl/fbAQLP

exports[`modal side sheet should render 1`] = `"<gux-modal-side-sheet-beta hydrated=""> <gux-side-sheet-heading slot="heading" level="2" icon="fa/diamond-regular" hydrated=""> Side sheet title </gux-side-sheet-heading> <h2 slot="description">Description goes here</h2> <div slot="content"> Content goes here. </div> <div slot="footer"> <gux-cta-group hydrated=""> <gux-button slot="primary" hydrated="">Primary</gux-button> <gux-button slot="secondary" hydrated="">Secondary</gux-button> <gux-button slot="dismiss" hydrated="">Dismiss</gux-button> </gux-cta-group> </div> </gux-modal-side-sheet-beta>"`;

exports[`side sheet should render 1`] = `"<gux-side-sheet-beta hydrated=""> <gux-side-sheet-heading slot="heading" level="3" icon="fa/diamond-regular" hydrated=""> Side sheet title </gux-side-sheet-heading> <h2 slot="description">Description goes here</h2> <div slot="content"> Content goes here. </div> <div slot="footer"> <gux-cta-group hydrated=""> <gux-button slot="primary" hydrated="">Primary</gux-button> <gux-button slot="secondary" hydrated="">Secondary</gux-button> <gux-button slot="dismiss" hydrated="">Dismiss</gux-button> </gux-cta-group> </div> </gux-side-sheet-beta>"`;
