// Jest Snapshot v1, https://goo.gl/fbAQLP

exports[`gux-rich-text-editor #render should display component as expected (1) 1`] = `"<gux-rich-text-editor-beta hydrated=""><template shadowrootmode="open"><div class="gux-rich-text-editor-container"><div class="gux-rich-text-editor-toolbar-container"><div class="gux-typographical-emphasis-container"><slot name="typographical-emphasis"></slot></div><div class="gux-text-styling-container"><slot name="text-styling"></slot></div><div class="gux-lists-indentation-container"><slot name="lists-indentation"></slot></div><div class="gux-inserting-container"><slot name="inserting"></slot></div><div class="gux-global-action-container"><slot name="global-action"></slot></div></div><slot name="editor"></slot></div></template> <gux-rich-text-editor-action-group slot="typographical-emphasis" hydrated=""> <gux-rich-text-editor-action action="bold" hydrated=""></gux-rich-text-editor-action> <gux-rich-text-editor-action action="italic" hydrated=""></gux-rich-text-editor-action> <gux-rich-text-editor-action action="underline" hydrated=""></gux-rich-text-editor-action> <gux-rich-text-editor-action action="strike" hydrated=""></gux-rich-text-editor-action> </gux-rich-text-editor-action-group> <gux-rich-text-editor-action-group slot="text-styling" hydrated=""> <gux-rich-text-editor-action action="clearFormatting" hydrated=""></gux-rich-text-editor-action> </gux-rich-text-editor-action-group> <gux-rich-text-editor-action-group slot="lists-indentation" hydrated=""> <gux-rich-text-editor-action action="bulletList" hydrated=""></gux-rich-text-editor-action> <gux-rich-text-editor-action action="orderedList" hydrated=""></gux-rich-text-editor-action> </gux-rich-text-editor-action-group> <gux-rich-text-editor-action-group slot="inserting" hydrated=""> <gux-rich-text-editor-action action="codeblock" hydrated=""></gux-rich-text-editor-action> <gux-rich-text-editor-action action="blockQuote" hydrated=""></gux-rich-text-editor-action> </gux-rich-text-editor-action-group> <gux-rich-text-editor-action slot="global-action" action="delete" hydrated=""></gux-rich-text-editor-action> <div class="editorElement" slot="editor"></div> </gux-rich-text-editor-beta>"`;

exports[`gux-rich-text-editor #render should display component as expected (2) 1`] = `"<gux-rich-text-editor-beta disabled="" hydrated=""><template shadowrootmode="open"><div class="gux-rich-text-editor-container gux-disabled"><div class="gux-rich-text-editor-toolbar-container"><div class="gux-typographical-emphasis-container"><slot name="typographical-emphasis"></slot></div><div class="gux-text-styling-container"><slot name="text-styling"></slot></div><div class="gux-lists-indentation-container"><slot name="lists-indentation"></slot></div><div class="gux-inserting-container"><slot name="inserting"></slot></div><div class="gux-global-action-container"><slot name="global-action"></slot></div></div><slot name="editor"></slot></div></template> <gux-rich-text-editor-action-group slot="typographical-emphasis" hydrated=""> <gux-rich-text-editor-action action="bold" hydrated=""></gux-rich-text-editor-action> <gux-rich-text-editor-action action="italic" hydrated=""></gux-rich-text-editor-action> <gux-rich-text-editor-action action="underline" hydrated=""></gux-rich-text-editor-action> <gux-rich-text-editor-action action="strike" hydrated=""></gux-rich-text-editor-action> </gux-rich-text-editor-action-group> <gux-rich-text-editor-action-group slot="text-styling" hydrated=""> <gux-rich-text-editor-action action="clearFormatting" hydrated=""></gux-rich-text-editor-action> </gux-rich-text-editor-action-group> <gux-rich-text-editor-action-group slot="lists-indentation" hydrated=""> <gux-rich-text-editor-action action="bulletList" hydrated=""></gux-rich-text-editor-action> <gux-rich-text-editor-action action="orderedList" hydrated=""></gux-rich-text-editor-action> </gux-rich-text-editor-action-group> <gux-rich-text-editor-action-group slot="inserting" hydrated=""> <gux-rich-text-editor-action action="codeblock" hydrated=""></gux-rich-text-editor-action> <gux-rich-text-editor-action action="blockQuote" hydrated=""></gux-rich-text-editor-action> </gux-rich-text-editor-action-group> <gux-rich-text-editor-action slot="global-action" action="delete" hydrated=""></gux-rich-text-editor-action> <div class="editorElement" slot="editor"></div> </gux-rich-text-editor-beta>"`;
