// Jest Snapshot v1, https://goo.gl/fbAQLP

exports[`gux-rich-text-editor-action-rich-style #render should display component as expected (1) 1`] = `"<gux-rich-text-editor-action-rich-style hydrated=""><template shadowrootmode="open"><gux-popup hydrated=""><gux-button-slot slot="target" accent="ghost" aria-describedby="gux-tooltip-ypype4fypl" hydrated=""><button type="button" aria-haspopup="true" aria-expanded="false">Paragraph<gux-icon icon-name="custom/chevron-down-small-regular" size="inherit" hydrated=""></gux-icon></button><gux-tooltip-beta id="gux-tooltip-ypype4fypl" hydrated=""><div slot="content">Rich Style</div></gux-tooltip-beta></gux-button-slot><div class="gux-list-container" slot="popup"><gux-rich-text-editor-list role="list" hydrated=""><slot></slot></gux-rich-text-editor-list></div></gux-popup></template> <gux-rich-style-list-item text-style="heading-1" role="listitem" hydrated="">Heading 1</gux-rich-style-list-item> <gux-rich-style-list-item text-style="heading-2" role="listitem" hydrated="">Heading 2</gux-rich-style-list-item> <gux-rich-style-list-item text-style="heading-3" role="listitem" hydrated="">Heading 3</gux-rich-style-list-item> <gux-rich-style-list-item text-style="paragraph" role="listitem" hydrated="">Paragraph</gux-rich-style-list-item> </gux-rich-text-editor-action-rich-style>"`;
